
> react-typescript-starter@0.1.0 test
> react-scripts test --coverage

Browserslist: caniuse-lite is outdated. Please run:
  npx browserslist@latest --update-db
  Why you should do it regularly: https://github.com/browserslist/browserslist#browsers-data-updating
Browserslist: caniuse-lite is outdated. Please run:
  npx browserslist@latest --update-db
  Why you should do it regularly: https://github.com/browserslist/browserslist#browsers-data-updating
Browserslist: caniuse-lite is outdated. Please run:
  npx browserslist@latest --update-db
  Why you should do it regularly: https://github.com/browserslist/browserslist#browsers-data-updating
PASS src/objects.test.ts
  ● Console

    console.log
      {
        id: 1,
        name: 'Addition',
        body: 'What is 2+2?',
        type: 'short_answer_question',
        options: [],
        expected: '4',
        points: 1,
        published: true
      }

      at isCorrect (src/objects.ts:34:13)

    console.log
      {
        id: 1,
        name: 'Addition',
        body: 'What is 2+2?',
        type: 'short_answer_question',
        options: [],
        expected: '4',
        points: 1,
        published: true
      }

      at isCorrect (src/objects.ts:34:13)

    console.log
      {
        id: 1,
        name: 'Addition',
        body: 'What is 2+2?',
        type: 'short_answer_question',
        options: [],
        expected: '4',
        points: 1,
        published: true
      }

      at isCorrect (src/objects.ts:34:13)

    console.log
      {
        id: 2,
        name: 'Letters',
        body: 'What is the last letter of the English alphabet?',
        type: 'short_answer_question',
        options: [],
        expected: 'Z',
        points: 1,
        published: false
      }

      at isCorrect (src/objects.ts:34:13)

    console.log
      {
        id: 2,
        name: 'Letters',
        body: 'What is the last letter of the English alphabet?',
        type: 'short_answer_question',
        options: [],
        expected: 'Z',
        points: 1,
        published: false
      }

      at isCorrect (src/objects.ts:34:13)

    console.log
      {
        id: 2,
        name: 'Letters',
        body: 'What is the last letter of the English alphabet?',
        type: 'short_answer_question',
        options: [],
        expected: 'Z',
        points: 1,
        published: false
      }

      at isCorrect (src/objects.ts:34:13)

    console.log
      {
        id: 2,
        name: 'Letters',
        body: 'What is the last letter of the English alphabet?',
        type: 'short_answer_question',
        options: [],
        expected: 'Z',
        points: 1,
        published: false
      }

      at isCorrect (src/objects.ts:34:13)

    console.log
      {
        id: 2,
        name: 'Letters',
        body: 'What is the last letter of the English alphabet?',
        type: 'short_answer_question',
        options: [],
        expected: 'Z',
        points: 1,
        published: false
      }

      at isCorrect (src/objects.ts:34:13)

    console.log
      {
        id: 5,
        name: 'Colors',
        body: 'Which of these is a color?',
        type: 'multiple_choice_question',
        options: [ 'red', 'apple', 'firetruck' ],
        expected: 'red',
        points: 1,
        published: true
      }

      at isCorrect (src/objects.ts:34:13)

    console.log
      {
        id: 5,
        name: 'Colors',
        body: 'Which of these is a color?',
        type: 'multiple_choice_question',
        options: [ 'red', 'apple', 'firetruck' ],
        expected: 'red',
        points: 1,
        published: true
      }

      at isCorrect (src/objects.ts:34:13)

    console.log
      {
        id: 5,
        name: 'Colors',
        body: 'Which of these is a color?',
        type: 'multiple_choice_question',
        options: [ 'red', 'apple', 'firetruck' ],
        expected: 'red',
        points: 1,
        published: true
      }

      at isCorrect (src/objects.ts:34:13)

    console.log
      {
        id: 9,
        name: 'Shapes',
        body: 'What shape can you make with one line?',
        type: 'multiple_choice_question',
        options: [ 'square', 'triangle', 'circle' ],
        expected: 'circle',
        points: 2,
        published: false
      }

      at isCorrect (src/objects.ts:34:13)

    console.log
      {
        id: 9,
        name: 'Shapes',
        body: 'What shape can you make with one line?',
        type: 'multiple_choice_question',
        options: [ 'square', 'triangle', 'circle' ],
        expected: 'circle',
        points: 2,
        published: false
      }

      at isCorrect (src/objects.ts:34:13)

    console.log
      {
        id: 9,
        name: 'Shapes',
        body: 'What shape can you make with one line?',
        type: 'multiple_choice_question',
        options: [ 'square', 'triangle', 'circle' ],
        expected: 'circle',
        points: 2,
        published: false
      }

      at isCorrect (src/objects.ts:34:13)

PASS src/arrays.test.ts
FAIL src/nested.test.ts
  ● Console

    console.log
      id,name,options,points,published
      1,Question 1,0,1,false
      47,My New Question,0,1,false
      2,Question 2,0,1,false

      at toCSV (src/nested.ts:147:13)

    console.log
      id,name,options,points,published
      1,Addition,0,1,true
      2,Letters,0,1,false
      5,Colors,3,1,true
      9,Shapes,3,2,false

      at toCSV (src/nested.ts:147:13)

    console.log
      id,name,options,points,published
      1,Mascot,3,7,false
      2,Motto,3,3,false
      3,Goats,3,10,false

      at toCSV (src/nested.ts:147:13)

    console.log
      id,name,options,points,published
      1,Empty 1,3,5,true
      2,Empty 2,6,5,true
      3,Empty 3,0,5,true
      4,Empty 4,0,5,true
      5,Empty 5 (Actual),0,5,false

      at toCSV (src/nested.ts:147:13)

    console.log
      id,name,options,points,published
      478,Students,0,53,true
      1937,Importance,0,47,true
      479,Sentience,0,40,true
      777,Danger,0,60,true
      1937,Listening,0,100,true

      at toCSV (src/nested.ts:147:13)

    console.log
      [
        {
          body: '',
          expected: '',
          id: 1,
          name: 'Question 1',
          options: [],
          points: 1,
          published: false,
          type: 'multiple_choice_question'
        },
        {
          id: 47,
          name: 'My New Question',
          body: '',
          type: 'multiple_choice_question',
          options: [],
          expected: '',
          points: 1,
          published: false
        },
        {
          id: 2,
          name: 'Question 2',
          body: '',
          type: 'short_answer_question',
          options: [],
          expected: '',
          points: 1,
          published: false
        }
      ]

      at changeQuestionTypeById (src/nested.ts:305:13)

    console.log
      [
        {
          body: '',
          expected: '',
          id: 1,
          name: 'Question 1',
          options: [],
          points: 1,
          published: false,
          type: 'short_answer_question'
        },
        {
          id: 47,
          name: 'My New Question',
          body: '',
          type: 'multiple_choice_question',
          options: [],
          expected: '',
          points: 1,
          published: false
        },
        {
          id: 2,
          name: 'Question 2',
          body: '',
          type: 'short_answer_question',
          options: [],
          expected: '',
          points: 1,
          published: false
        }
      ]

      at changeQuestionTypeById (src/nested.ts:305:13)

    console.log
      [
        {
          id: 1,
          name: 'Question 1',
          body: '',
          type: 'multiple_choice_question',
          options: [],
          expected: '',
          points: 1,
          published: false
        },
        {
          body: '',
          expected: '',
          id: 47,
          name: 'My New Question',
          options: [],
          points: 1,
          published: false,
          type: 'short_answer_question'
        },
        {
          id: 2,
          name: 'Question 2',
          body: '',
          type: 'short_answer_question',
          options: [],
          expected: '',
          points: 1,
          published: false
        }
      ]

      at changeQuestionTypeById (src/nested.ts:305:13)

    console.log
      [
        {
          id: 1,
          name: 'Mascot',
          body: 'What is the name of the UD Mascot?',
          type: 'multiple_choice_question',
          options: [ 'Bluey', 'YoUDee', 'Charles the Wonder Dog' ],
          expected: 'YoUDee',
          points: 7,
          published: false
        },
        {
          id: 2,
          name: 'Motto',
          body: "What is the University of Delaware's motto?",
          type: 'multiple_choice_question',
          options: [
            'Knowledge is the light of the mind',
            'Just U Do it',
            "Nothing, what's the motto with you?"
          ],
          expected: 'Knowledge is the light of the mind',
          points: 3,
          published: false
        },
        {
          body: 'How many goats are there usually on the Green?',
          expected: 'Two',
          id: 3,
          name: 'Goats',
          options: [],
          points: 10,
          published: false,
          type: 'short_answer_question'
        }
      ]

      at changeQuestionTypeById (src/nested.ts:305:13)

    console.log
      1

      at editOption (src/nested.ts:326:13)

    console.log
      -1

      at editOption (src/nested.ts:327:13)

    console.log
      NEW OPTION

      at editOption (src/nested.ts:328:13)

    console.log
      [
        {
          id: 1,
          name: 'Question 1',
          body: '',
          type: 'multiple_choice_question',
          options: [],
          expected: '',
          points: 1,
          published: false
        },
        {
          id: 47,
          name: 'My New Question',
          body: '',
          type: 'multiple_choice_question',
          options: [],
          expected: '',
          points: 1,
          published: false
        },
        {
          id: 2,
          name: 'Question 2',
          body: '',
          type: 'short_answer_question',
          options: [],
          expected: '',
          points: 1,
          published: false
        }
      ]

      at editOption (src/nested.ts:329:13)

    console.log
      [
        {
          body: '',
          expected: '',
          id: 1,
          name: 'Question 1',
          options: [ 'NEW OPTION' ],
          points: 1,
          published: false,
          type: 'multiple_choice_question'
        },
        {
          id: 47,
          name: 'My New Question',
          body: '',
          type: 'multiple_choice_question',
          options: [],
          expected: '',
          points: 1,
          published: false
        },
        {
          id: 2,
          name: 'Question 2',
          body: '',
          type: 'short_answer_question',
          options: [],
          expected: '',
          points: 1,
          published: false
        }
      ]

      at editOption (src/nested.ts:352:13)

    console.log
      47

      at editOption (src/nested.ts:326:13)

    console.log
      -1

      at editOption (src/nested.ts:327:13)

    console.log
      Another option

      at editOption (src/nested.ts:328:13)

    console.log
      [
        {
          id: 1,
          name: 'Question 1',
          body: '',
          type: 'multiple_choice_question',
          options: [],
          expected: '',
          points: 1,
          published: false
        },
        {
          id: 47,
          name: 'My New Question',
          body: '',
          type: 'multiple_choice_question',
          options: [],
          expected: '',
          points: 1,
          published: false
        },
        {
          id: 2,
          name: 'Question 2',
          body: '',
          type: 'short_answer_question',
          options: [],
          expected: '',
          points: 1,
          published: false
        }
      ]

      at editOption (src/nested.ts:329:13)

    console.log
      [
        {
          id: 1,
          name: 'Question 1',
          body: '',
          type: 'multiple_choice_question',
          options: [],
          expected: '',
          points: 1,
          published: false
        },
        {
          body: '',
          expected: '',
          id: 47,
          name: 'My New Question',
          options: [ 'Another option' ],
          points: 1,
          published: false,
          type: 'multiple_choice_question'
        },
        {
          id: 2,
          name: 'Question 2',
          body: '',
          type: 'short_answer_question',
          options: [],
          expected: '',
          points: 1,
          published: false
        }
      ]

      at editOption (src/nested.ts:352:13)

    console.log
      5

      at editOption (src/nested.ts:326:13)

    console.log
      -1

      at editOption (src/nested.ts:327:13)

    console.log
      newspaper

      at editOption (src/nested.ts:328:13)

    console.log
      [
        {
          id: 1,
          name: 'Addition',
          body: 'What is 2+2?',
          type: 'short_answer_question',
          options: [],
          expected: '4',
          points: 1,
          published: true
        },
        {
          id: 2,
          name: 'Letters',
          body: 'What is the last letter of the English alphabet?',
          type: 'short_answer_question',
          options: [],
          expected: 'Z',
          points: 1,
          published: false
        },
        {
          id: 5,
          name: 'Colors',
          body: 'Which of these is a color?',
          type: 'multiple_choice_question',
          options: [ 'red', 'apple', 'firetruck' ],
          expected: 'red',
          points: 1,
          published: true
        },
        {
          id: 9,
          name: 'Shapes',
          body: 'What shape can you make with one line?',
          type: 'multiple_choice_question',
          options: [ 'square', 'triangle', 'circle' ],
          expected: 'circle',
          points: 2,
          published: false
        }
      ]

      at editOption (src/nested.ts:329:13)

    console.log
      [
        {
          id: 1,
          name: 'Addition',
          body: 'What is 2+2?',
          type: 'short_answer_question',
          options: [],
          expected: '4',
          points: 1,
          published: true
        },
        {
          id: 2,
          name: 'Letters',
          body: 'What is the last letter of the English alphabet?',
          type: 'short_answer_question',
          options: [],
          expected: 'Z',
          points: 1,
          published: false
        },
        {
          body: 'Which of these is a color?',
          expected: 'red',
          id: 5,
          name: 'Colors',
          options: [ 'red', 'apple', 'firetruck', 'newspaper' ],
          points: 1,
          published: true,
          type: 'multiple_choice_question'
        },
        {
          id: 9,
          name: 'Shapes',
          body: 'What shape can you make with one line?',
          type: 'multiple_choice_question',
          options: [ 'square', 'triangle', 'circle' ],
          expected: 'circle',
          points: 2,
          published: false
        }
      ]

      at editOption (src/nested.ts:352:13)

    console.log
      5

      at editOption (src/nested.ts:326:13)

    console.log
      0

      at editOption (src/nested.ts:327:13)

    console.log
      newspaper

      at editOption (src/nested.ts:328:13)

    console.log
      [
        {
          id: 1,
          name: 'Addition',
          body: 'What is 2+2?',
          type: 'short_answer_question',
          options: [],
          expected: '4',
          points: 1,
          published: true
        },
        {
          id: 2,
          name: 'Letters',
          body: 'What is the last letter of the English alphabet?',
          type: 'short_answer_question',
          options: [],
          expected: 'Z',
          points: 1,
          published: false
        },
        {
          id: 5,
          name: 'Colors',
          body: 'Which of these is a color?',
          type: 'multiple_choice_question',
          options: [ 'red', 'apple', 'firetruck' ],
          expected: 'red',
          points: 1,
          published: true
        },
        {
          id: 9,
          name: 'Shapes',
          body: 'What shape can you make with one line?',
          type: 'multiple_choice_question',
          options: [ 'square', 'triangle', 'circle' ],
          expected: 'circle',
          points: 2,
          published: false
        }
      ]

      at editOption (src/nested.ts:329:13)

    console.log
      [
        {
          id: 1,
          name: 'Addition',
          body: 'What is 2+2?',
          type: 'short_answer_question',
          options: [],
          expected: '4',
          points: 1,
          published: true
        },
        {
          id: 2,
          name: 'Letters',
          body: 'What is the last letter of the English alphabet?',
          type: 'short_answer_question',
          options: [],
          expected: 'Z',
          points: 1,
          published: false
        },
        {
          body: 'Which of these is a color?',
          expected: 'red',
          id: 5,
          name: 'Colors',
          options: [ 'newspaper', 'apple', 'firetruck' ],
          points: 1,
          published: true,
          type: 'multiple_choice_question'
        },
        {
          id: 9,
          name: 'Shapes',
          body: 'What shape can you make with one line?',
          type: 'multiple_choice_question',
          options: [ 'square', 'triangle', 'circle' ],
          expected: 'circle',
          points: 2,
          published: false
        }
      ]

      at editOption (src/nested.ts:352:13)

    console.log
      5

      at editOption (src/nested.ts:326:13)

    console.log
      2

      at editOption (src/nested.ts:327:13)

    console.log
      newspaper

      at editOption (src/nested.ts:328:13)

    console.log
      [
        {
          id: 1,
          name: 'Addition',
          body: 'What is 2+2?',
          type: 'short_answer_question',
          options: [],
          expected: '4',
          points: 1,
          published: true
        },
        {
          id: 2,
          name: 'Letters',
          body: 'What is the last letter of the English alphabet?',
          type: 'short_answer_question',
          options: [],
          expected: 'Z',
          points: 1,
          published: false
        },
        {
          id: 5,
          name: 'Colors',
          body: 'Which of these is a color?',
          type: 'multiple_choice_question',
          options: [ 'newspaper', 'apple', 'firetruck' ],
          expected: 'red',
          points: 1,
          published: true
        },
        {
          id: 9,
          name: 'Shapes',
          body: 'What shape can you make with one line?',
          type: 'multiple_choice_question',
          options: [ 'square', 'triangle', 'circle' ],
          expected: 'circle',
          points: 2,
          published: false
        }
      ]

      at editOption (src/nested.ts:329:13)

    console.log
      [
        {
          id: 1,
          name: 'Addition',
          body: 'What is 2+2?',
          type: 'short_answer_question',
          options: [],
          expected: '4',
          points: 1,
          published: true
        },
        {
          id: 2,
          name: 'Letters',
          body: 'What is the last letter of the English alphabet?',
          type: 'short_answer_question',
          options: [],
          expected: 'Z',
          points: 1,
          published: false
        },
        {
          body: 'Which of these is a color?',
          expected: 'red',
          id: 5,
          name: 'Colors',
          options: [ 'newspaper', 'apple', 'newspaper' ],
          points: 1,
          published: true,
          type: 'multiple_choice_question'
        },
        {
          id: 9,
          name: 'Shapes',
          body: 'What shape can you make with one line?',
          type: 'multiple_choice_question',
          options: [ 'square', 'triangle', 'circle' ],
          expected: 'circle',
          points: 2,
          published: false
        }
      ]

      at editOption (src/nested.ts:352:13)

  ● Testing the Question[] functions › Testing the editOption function

    expect(received).toEqual(expected) // deep equality

    - Expected  - 1
    + Received  + 1

    @@ -23,11 +23,11 @@
          "body": "Which of these is a color?",
          "expected": "red",
          "id": 5,
          "name": "Colors",
          "options": Array [
    -       "red",
    +       "newspaper",
            "apple",
            "newspaper",
          ],
          "points": 1,
          "published": true,

      1044 |         ]);
      1045 |
    > 1046 |         expect(editOption(SIMPLE_QUESTIONS, 5, 2, "newspaper")).toEqual([
           |                                                                 ^
      1047 |             {
      1048 |                 id: 1,
      1049 |                 name: "Addition",

      at Object.<anonymous> (src/nested.test.ts:1046:65)

PASS src/components/StartAttempt.test.tsx
PASS src/components/TwoDice.test.tsx
PASS src/form-components/MultipleChoiceQuestion.test.tsx
FAIL src/bad-components/DoubleHalf.test.tsx
  ● DoubleHalf Component tests › You can double AND halve the number.

    TestingLibraryElementError: Unable to find an element with the text: 40. This could be because the text is broken up by multiple elements. In this case, you can provide a function for your text matcher to make your matcher more flexible.

    Ignored nodes: comments, <script />, <style />
    [36m<body>[39m
      [36m<div>[39m
        [36m<div>[39m
          [36m<h3>[39m
            [0mDouble Half[0m
          [36m</h3>[39m
          [36m<div>[39m
            [0mThe current value is: [0m
            [36m<span>[39m
              [0m20[0m
            [36m</span>[39m
          [36m</div>[39m
          [36m<button[39m
            [33mclass[39m=[32m"btn btn-primary"[39m
            [33mtype[39m=[32m"button"[39m
          [36m>[39m
            [0mDouble[0m
          [36m</button>[39m
          [36m<button[39m
            [33mclass[39m=[32m"btn btn-primary"[39m
            [33mtype[39m=[32m"button"[39m
          [36m>[39m
            [0mHalve[0m
          [36m</button>[39m
        [36m</div>[39m
      [36m</div>[39m
    [36m</body>[39m

      39 |         expect(screen.queryByText("10")).not.toBeInTheDocument();
      40 |         double.click();
    > 41 |         expect(screen.getByText("40")).toBeInTheDocument();
         |                       ^
      42 |         expect(screen.queryByText("20")).not.toBeInTheDocument();
      43 |         halve.click();
      44 |         expect(screen.getByText("20")).toBeInTheDocument();

      at Object.getElementError (node_modules/@testing-library/dom/dist/config.js:38:19)
      at node_modules/@testing-library/dom/dist/query-helpers.js:90:38
      at node_modules/@testing-library/dom/dist/query-helpers.js:62:17
      at getByText (node_modules/@testing-library/dom/dist/query-helpers.js:111:19)
      at Object.<anonymous> (src/bad-components/DoubleHalf.test.tsx:41:23)

PASS src/bad-components/ChooseTeam.test.tsx
PASS src/functions.test.ts
PASS src/form-components/CheckAnswer.test.tsx
PASS src/form-components/EditMode.test.tsx
FAIL src/HtmlCss.test.tsx
  ● Some HTML Elements are added. › There is a header

    TestingLibraryElementError: Found multiple elements with the role "heading"

    Here are the matching elements:

    Ignored nodes: comments, <script />, <style />
    [36m<h1[39m
      [33mclass[39m=[32m"App-header2"[39m
    [36m>[39m
      [0mInteresting...[0m
    [36m</h1>[39m

    Ignored nodes: comments, <script />, <style />
    [36m<h3>[39m
      [0mDouble Half[0m
    [36m</h3>[39m

    Ignored nodes: comments, <script />, <style />
    [36m<h3>[39m
      [0mCheck Answer[0m
    [36m</h3>[39m

    Ignored nodes: comments, <script />, <style />
    [36m<h3>[39m
      [0mGive Attempts[0m
    [36m</h3>[39m

    Ignored nodes: comments, <script />, <style />
    [36m<h4>[39m
      [0mNumber of attempts left: [0m
      [0m3[0m
    [36m</h4>[39m

    Ignored nodes: comments, <script />, <style />
    [36m<h4>[39m
      [0mNumber of attempts requested: [0m
      [0m0[0m
    [36m</h4>[39m

    Ignored nodes: comments, <script />, <style />
    [36m<h3>[39m
      [0mEdit Mode[0m
    [36m</h3>[39m

    Ignored nodes: comments, <script />, <style />
    [36m<h3>[39m
      [0mChange Color[0m
    [36m</h3>[39m

    Ignored nodes: comments, <script />, <style />
    [36m<h4[39m
      [33mclass[39m=[32m"red"[39m
      [33mdata-testid[39m=[32m"colored-box"[39m
    [36m>[39m
      [0mThe color is [0m
      [0mred[0m
    [36m</h4>[39m

    Ignored nodes: comments, <script />, <style />
    [36m<h3>[39m
      [0mMultiple Choice Question[0m
    [36m</h3>[39m

    Ignored nodes: comments, <script />, <style />
    [36m<h3>[39m
      [0mChoose Team[0m
    [36m</h3>[39m

    Ignored nodes: comments, <script />, <style />
    [36m<h3>[39m
      [0mColored Box[0m
    [36m</h3>[39m

    Ignored nodes: comments, <script />, <style />
    [36m<h3>[39m
      [0mShove Box[0m
    [36m</h3>[39m

    (If this is intentional, then use the `*AllBy*` variant of the query (like `queryAllByText`, `getAllByText`, or `findAllByText`)).

    Ignored nodes: comments, <script />, <style />
    [36m<body>[39m
      [36m<div>[39m
        [36m<div[39m
          [33mclass[39m=[32m"App"[39m
        [36m>[39m
          [36m<header[39m
            [33mclass[39m=[32m"App-header"[39m
          [36m>[39m
            [0mPhilip Colborn UD CISC275 with t Hooks and TypeScript[0m
          [36m</header>[39m
          [36m<p>[39m
            [0mEdit [0m
            [36m<code>[39m
              [0msrc/App.tsx[0m
            [36m</code>[39m
            [0m and save. This page will automatically reload. Hello World!.[0m
          [36m</p>[39m
          [36m<h1[39m
            [33mclass[39m=[32m"App-header2"[39m
          [36m>[39m
            [0mInteresting...[0m
          [36m</h1>[39m
          [36m<img[39m
            [33malt[39m=[32m"oppenheimer"[39m
            [33mheight[39m=[32m"400"[39m
            [33msrc[39m=[32m"https://m.media-amazon.com/images/M/MV5BNmNkNWU5NzUtNmVkNS00ZDE2LTg0NjgtNTIxNWYxOWIyM2FlXkEyXkFqcGdeQWFkcmllY2xh._V1_.jpg"[39m
            [33mwidth[39m=[32m"500"[39m
          [36m/>[39m
          [36m<p>[39m
            [0m [0m
          [36m</p>[39m
          [36m<div[39m
            [33mclass[39m=[32m"container"[39m
          [36m>[39m
            [36m<div[39m
              [33mclass[39m=[32m"row"[39m
            [36m>[39m
              [36m<div[39m
                [33mclass[39m=[32m"col"[39m
              [36m>[39m
                [36m<div[39m
                  [33mclass[39m=[32m"App-rect"[39m
                [36m/>[39m
                [36m<ul>[39m
                  [36m<li>[39m
                    [0mMonkey[0m
                  [36m</li>[39m
                  [36m<li>[39m
                    [0mHorse[0m
                  [36m</li>[39m
                  [36m<li>[39m
                    [0mFrog[0m
                  [36m</li>[39m
                [36m</ul>[39m
              [36m</div>[39m
              [36m<div[39m
                [33mclass[39m=[32m"col"[39m
              [36m>[39m
                [36m<div[39m
                  [33mclass[39m=[32m"App-rect"[39m
                [36m/>[39m
                [36m<button[39m
                  [33mclass[39m=[32m"btn btn-primary"[39m
                  [33mtype[39m=[32m"button"[39m
                [36m>[39m
                  [0mLog Hello World![0m
                [36m</button>[39m
              [36m</div>[39m
            [36m</div>[39m
          [36m</div>[39m
          [36m<hr />[39m
          [36m<div>[39m
            [36m<h3>[39m
              [0mDouble Half[0m
            [36m</h3>[39m
            [36m<div>[39m
              [0mThe current value is: [0m
              [36m<span>[39m
                [0m10[0m
              [36m</span>[39m
            [36m</div>[39m
            [36m<button[39m
              [33mclass[39m=[32m"btn btn-primary"[39m
              [33mtype[39m=[32m"button"[39m
            [36m>[39m
              [0mDouble[0m
            [36m</button>[39m
            [36m<button[39m
              [33mclass[39m=[32m"btn btn-primary"[39m
              [33mtype[39m=[32m"button"[39m
            [36m>[39m
              [0mHalve[0m
            [36m</button>[39m
          [36m</div>[39m
          [36m<hr />[39m
          [36m<div>[39m
            [36m<h3>[39m
              [0mCheck Answer[0m
            [36m</h3>[39m
            [36m<div>[39m
              [36m<label[39m
                [33mclass[39m=[32m"form-label"[39m
                [33mfor[39m=[32m"formGivenValue"[39m
              [36m>[39m
                [0mAnswer:[0m
              [36m</label>[39m
              [36m<input[39m
                [33mclass[39m=[32m"form-control"[39m
                [33mid[39m=[32m"formGivenValue"[39m
                [33mvalue[39m=[32m""[39m
              [36m/>[39m
            [36m</div>[39m
            [36m<div>[39m
              [0mThe given answer is: [0m
              [0m[0m
            [36m</div>[39m
            [36m<p>[39m
              [0m❌[0m
            [36m</p>[39m
          [36m</div>[39m
          [36m<hr />[39m
          [36m<div>[39m
            [36m<h3>[39m
              [0mGive Attempts[0m
            [36m</h3>[39m
            [36m<h4>[39m
              [0mNumber of attempts left: [0m
              [0m3[0m
            [36m</h4>[39m
            [36m<h4>[39m
              [0mNumber of attempts requested: [0m
              [0m0[0m
            [36m</h4>[39m
            [36m<div>[39m
              [36m<label[39m
                [33mclass[39m=[32m"form-label"[39m
                [33mfor[39m=[32m"formRequestAttempts"[39m
              [36m>[39m
                [0mRequest Attempts:[0m
              [36m</label>[39m
              [36m<input[39m
                [33mclass[39m=[32m"form-control"[39m
                [33mid[39m=[32m"formRequestAttempts"[39m
                [33mtype[39m=[32m"number"[39m
                [33mvalue[39m=[32m"0"[39m
              [36m/>[39m
            [36m</div>[39m
            [36m<button[39m
              [33mclass[39m=[32m"btn btn-primary"[39m
              [33mtype[39m=[32m"button"[39m
            [36m>[39m
              [0muse[0m
            [36m</button>[39m
            [36m<button[39m
              [33mclass[39m=[32m"btn btn-primary"[39m
              [33mtype[39m=[32m"button"[39m
            [36m>[39m
              [0mgain[0m
            [36m</button>[39m
          [36m</div>[39m
          [36m<hr />[39m
          [36m<div>[39m
            [36m<h3>[39m
              [0mEdit Mode[0m
            [36m</h3>[39m
            [36m<div[39m
              [33mclass[39m=[32m"center"[39m
            [36m>[39m
              [36m<div[39m
                [33mclass[39m=[32m"form-check form-switch"[39m
              [36m>[39m
                [36m<input[39m
                  [33mclass[39m=[32m"form-check-input"[39m
                  [33mid[39m=[32m"is-editing"[39m
                  [33mtype[39m=[32m"checkbox"[39m
                [36m/>[39m
                [36m<label[39m
                  [33mclass[39m=[32m"form-check-label"[39m
                  [33mfor[39m=[32m"is-editing"[39m
                  [33mtitle[39m=[32m""[39m
                [36m>[39m
                  [0mEditing?[0m
                [36m</label>[39m
              [36m</div>[39m
            [36m</div>[39m
            [36m<p>[39m
              [0mYour name[0m
              [0m is a student[0m
            [36m</p>[39m
          [36m</div>[39m
          [36m<hr />[39m
          [36m<div>[39m
            [36m<h3>[39m
              [0mChange Color[0m
            [36m</h3>[39m
            [36m<div[39m
              [33mclass[39m=[32m"form-check form-check-inline"[39m
            [36m>[39m
              [36m<input[39m
                [33mchecked[39m=[32m""[39m
                [33mclass[39m=[32m"form-check-input"[39m
                [33mid[39m=[32m"color-check-red"[39m
                [33mname[39m=[32m"colors"[39m
                [33mtype[39m=[32m"radio"[39m
                [33mvalue[39m=[32m"red"[39m
              [36m/>[39m
              [36m<label[39m
                [33mclass[39m=[32m"form-check-label"[39m
                [33mfor[39m=[32m"color-check-red"[39m
                [33mtitle[39m=[32m""[39m
              [36m>[39m
                [0mred[0m
              [36m</label>[39m
            [36m</div>[39m
            [36m<div[39m
              [33mclass[39m=[32m"form-check form-check-inline"[39m
            [36m>[39m
              [36m<input[39m
                [33mclass[39m=[32m"form-check-input"[39m
                [33mid[39m=[32m"color-check-red"[39m
                [33mname[39m=[32m"colors"[39m
                [33mtype[39m=[32m"radio"[39m
                [33mvalue[39m=[32m"blue"[39m
              [36m/>[39m
              [36m<label[39m
                [33mclass[39m=[32m"form-check-label"[39m
                [33mfor[39m=[32m"color-check-red"[39m
                [33mtitle[39m=[32m""[39m
              [36m>[39m
                [0mblue[0m
              [36m</label>[39m
            [36m</div>[39m
            [36m<div[39m
              [33mclass[39m=[32m"form-check form-check-inline"[39m
            [36m>[39m
              [36m<input[39m
                [33mclass[39m=[32m"form-check-input"[39m
                [33mid[39m=[32m"color-check-red"[39m
                [33mname[39m=[32m"colors"[39m
                [33mtype[39m=[32m"radio"[39m
                [33mvalue[39m=[32m"green"[39m
              [36m/>[39m
              [36m<label[39m
                [33mclass[39m=[32m"form-check-label"[39m
                [33mfor[39m=[32m"color-check-red"[39m
                [33mtitle[39m=[32m""[39m
              [36m>[39m
                [0mgreen[0m
              [36m</label>[39m
            [36m</div>[39m
            [36m<div[39m
              [33mclass[39m=[32m"form-check form-check-inline"[39m
            [36m>[39m
              [36m<input[39m
                [33mclass[39m=[32m"form-check-input"[39m
                [33mid[39m=[32m"color-check-red"[39m
                [33mname[39m=[32m"colors"[39m
                [33mtype[39m=[32m"radio"[39m
                [33mvalue[39m=[32m"gold"[39m
              [36m/>[39m
              [36m<label[39m
                [33mclass[39m=[32m"form-check-label"[39m
                [33mfor[39m=[32m"color-check-red"[39m
                [33mtitle[39m=[32m""[39m
              [36m>[39m
                [0mgold[0m
              [36m</label>[39m
            [36m</div>[39m
            [36m<div[39m
              [33mclass[39m=[32m"form-check form-check-inline"[39m
            [36m>[39m
              [36m<input[39m
                [33mclass[39m=[32m"form-check-input"[39m
                [33mid[39m=[32m"color-check-red"[39m
                [33mname[39m=[32m"colors"[39m
                [33mtype[39m=[32m"radio"[39m
                [33mvalue[39m=[32m"maroon"[39m
              [36m/>[39m
              [36m<label[39m
                [33mclass[39m=[32m"form-check-label"[39m
                [33mfor[39m=[32m"color-check-red"[39m
                [33mtitle[39m=[32m""[39m
              [36m>[39m
                [0mmaroon[0m
              [36m</label>[39m
            [36m</div>[39m
            [36m<div[39m
              [33mclass[39m=[32m"form-check form-check-inline"[39m
            [36m>[39m
              [36m<input[39m
                [33mclass[39m=[32m"form-check-input"[39m
                [33mid[39m=[32m"color-check-red"[39m
                [33mname[39m=[32m"colors"[39m
                [33mtype[39m=[32m"radio"[39m
                [33mvalue[39m=[32m"aquamarine"[39m
              [36m/>[39m
              [36m<label[39m
                [33mclass[39m=[32m"form-check-label"[39m
                [33mfor[39m=[32m"color-check-red"[39m
                [33mtitle[39m=[32m""[39m
              [36m>[39m
                [0maquamarine[0m
              [36m</label>[39m
            [36m</div>[39m
            [36m<div[39m
              [33mclass[39m=[32m"form-check form-check-inline"[39m
            [36m>[39m
              [36m<input[39m
                [33mclass[39m=[32m"form-check-input"[39m
                [33mid[39m=[32m"color-check-red"[39m
                [33mname[39m=[32m"colors"[39m
                [33mtype[39m=[32m"radio"[39m
                [33mvalue[39m=[32m"silver"[39m
              [36m/>[39m
              [36m<label[39m
                [33mclass[39m=[32m"form-check-label"[39m
                [33mfor[39m=[32m"color-check-red"[39m
                [33mtitle[39m=[32m""[39m
              [36m>[39m
                [0msilver[0m
              [36m</label>[39m
            [36m</div>[39m
            [36m<div[39m
              [33mclass[39m=[32m"form-check form-check-inline"[39m
            [36m>[39m
              [36m<input[39m
                [33mclass[39m=[32m"form-check-input"[39m
                [33mid[39m=[32m"color-check-red"[39m
                [33mname[39m=[32m"colors"[39m
                [33mtype[39m=[32m"radio"[39m
                [33mvalue[39m=[32m"purple"[39m
              [36m/>[39m
              [36m<label[39m
                [33mclass[39m=[32m"form-check-label"[39m
                [33mfor[39m=[32m"color-check-red"[39m
                [33mtitle[39m=[32m""[39m
              [36m>[39m
                [0mpurple[0m
              [36m</label>[39m
            [36m</div>[39m
            [36m<h4[39m
              [33mclass[39m=[32m"red"[39m
              [33mdata-testid[39m=[32m"colored-box"[39m
            [36m>[39m
              [0mThe color is [0m
              [0mred[0m
            [36m</h4>[39m
          [36m</div>[39m
          [36m<hr />[39m
          [36m<div>[39m
            [36m<h3>[39m
              [0mMultiple Choice Question[0m
            [36m</h3>[39m
            [36m<div>[39m
              [36m<label[39m
                [33mclass[39m=[32m"form-label"[39m
                [33mfor[39m=[32m"userEmotions"[39m
              [36m>[39m
                [0mHow do you feel?[0m
              [36m</label>[39m
              [36m<select[39m
                [33mclass[39m=[32m"form-select"[39m
                [33mid[39m=[32m"userEmotions"[39m
              [36m>[39m
                [36m<option[39m
                  [33mvalue[39m=[32m"a"[39m
                [36m>[39m
                  [0ma[0m
                [36m</option>[39m
                [36m<option[39m
                  [33mvalue[39m=[32m"b"[39m
                [36m>[39m
                  [0mb[0m
                [36m</option>[39m
                [36m<option[39m
                  [33mvalue[39m=[32m"c"[39m
                [36m>[39m
                  [0mc[0m
                [36m</option>[39m
              [36m</select>[39m
            [36m</div>[39m
            [36m<p>[39m
              [0m❌[0m
            [36m</p>[39m
          [36m</div>[39m
          [36m<hr />[39m
          [36m<div>[39m
            [36m<h3>[39m
              [0mChoose Team[0m
            [36m</h3>[39m
            [36m<div[39m
              [33mclass[39m=[32m"row"[39m
            [36m>[39m
              [36m<div[39m
                [33mclass[39m=[32m"col"[39m
              [36m>[39m
                [36m<div[39m
                  [33mstyle[39m=[32m"margin-bottom: 4px;"[39m
                [36m>[39m
                  [0mAdd[0m
                  [0m [0m
                  [36m<button[39m
                    [33mclass[39m=[32m"btn btn-primary btn-sm"[39m
                    [33mtype[39m=[32m"button"[39m
                  [36m>[39m
                    [0mAlan Turing[0m
                  [36m</button>[39m
                [36m</div>[39m
                [36m<div[39m
                  [33mstyle[39m=[32m"margin-bottom: 4px;"[39m
                [36m>[39m
                  [0mAdd[0m
                  [0m [0m
                  [36m<button[39m
                    [33mclass[39m=[32m"btn btn-primary btn-sm"[39m
                    [33mtype[39m=[32m"button"[39m
                  [36m>[39m
                    [0mGrace Hopper[0m
                  [36m</button>[39m
                [36m</div>[39m
                [36m<div[39m
                  [33mstyle[39m=[32m"margin-bottom: 4px;"[39m
                [36m>[39m
                  [0mAdd[0m
                  [0m [0m
                  [36m<button[39m
                    [33mclass[39m=[32m"btn btn-primary btn-sm"[39m
                    [33mtype[39m=[32m"button"[39m
                  [36m>[39m
                    [0mAda Lovelace[0m
                  [36m</button>[39m
                [36m</div>[39m
                [36m<div[39m
                  [33mstyle[39m=[32m"margin-bottom: 4px;"[39m
                [36m>[39m
                  [0mAdd[0m
                  [0m [0m
                  [36m<button[39m
                    [33mclass[39m=[32m"btn btn-primary btn-sm"[39m
                    [33mtype[39m=[32m"button"[39m
                  [36m>[39m
                    [0mCharles Babbage[0m
                  [36m</button>[39m
                [36m</div>[39m
                [36m<div[39m
                  [33mstyle[39m=[32m"margin-bottom: 4px;"[39m
                [36m>[39m
                  [0mAdd[0m
                  [0m [0m
                  [36m<button[39m
                    [33mclass[39m=[32m"btn btn-primary btn-sm"[39m
                    [33mtype[39m=[32m"button"[39m
                  [36m>[39m
                    [0mBarbara Liskov[0m
                  [36m</button>[39m
                [36m</div>[39m
                [36m<div[39m
                  [33mstyle[39m=[32m"margin-bottom: 4px;"[39m
                [36m>[39m
                  [0mAdd[0m
                  [0m [0m
                  [36m<button[39m
                    [33mclass[39m=[32m"btn btn-primary btn-sm"[39m
                    [33mtype[39m=[32m"button"[39m
                  [36m>[39m
                    [0mMargaret Hamilton[0m
                  [36m</button>[39m
                [36m</div>[39m
              [36m</div>[39m
              [36m<div[39m
                [33mclass[39m=[32m"col"[39m
              [36m>[39m
                [36m<strong>[39m
                  [0mTeam:[0m
                [36m</strong>[39m
                [36m<button[39m
                  [33mclass[39m=[32m"btn btn-primary"[39m
                  [33mtype[39m=[32m"button"[39m
                [36m>[39m
                  [0mClear Team[0m
                [36m</button>[39m
              [36m</div>[39m
            [36m</div>[39m
          [36m</div>[39m
          [36m<hr />[39m
          [36m<div>[39m
            [36m<h3>[39m
              [0mColored Box[0m
            [36m</h3>[39m
            [36m<span>[39m
              [0mThe current color is: [0m
              [0mred[0m
            [36m</span>[39m
            [36m<div>[39m
              [36m<button[39m
                [33mclass[39m=[32m"btn btn-primary"[39m
                [33mtype[39m=[32m"button"[39m
              [36m>[39m
                [0mNext Color[0m
              [36m</button>[39m
              [36m<div[39m
                [33mdata-testid[39m=[32m"colored-box"[39m
                [33mstyle[39m=[32m"width: 50px; height: 50px; background-color: red; display: inline-block; vertical-align: bottom; margin-left: 5px;"[39m
              [36m/>[39m
            [36m</div>[39m
          [36m</div>[39m
          [36m<hr />[39m
          [36m<div>[39m
            [36m<h3>[39m
              [0mShove Box[0m
            [36m</h3>[39m
            [36m<span>[39m
              [0mThe box is at: [0m
              [0m10[0m
            [36m</span>[39m
            [36m<div>[39m
              [36m<button[39m
                [33mclass[39m=[32m"btn btn-primary"[39m
                [33mtype[39m=[32m"button"[39m
              [36m>[39m
                [0mShove the Box[0m
              [36m</button>[39m
              [36m<div[39m
                [33mdata-testid[39m=[32m"moveable-box"[39m
                [33mstyle[39m=[32m"width: 50px; height: 50px; background-color: lightblue; border: 1px solid blue; display: inline-block; vertical-align: bottom; margin-left: 10px;"[39m
              [36m/>[39m
            [36m</div>[39m
          [36m</div>[39m
          [36m<hr />[39m
          [36m<span>[39m
            [36m<button[39m
              [33mclass[39m=[32m"btn btn-primary"[39m
              [33mtype[39m=[32m"button"[39m
            [36m>[39m
              [0mAdd One[0m
            [36m</button>[39m
            [0mto [0m
            [0m0[0m
            [0m.[0m
          [36m</span>[39m
          [36m<hr />[39m
          [36m<div>[39m
            [36m<button[39m
              [33mclass[39m=[32m"btn btn-primary"[39m
              [33mtype[39m=[32m"button"[39m
            [36m>[39m
              [0mReveal Answer[0m
            [36m</button>[39m
          [36m</div>[39m
          [36m<hr />[39m
          [36m<div>[39m
            [36m<p>[39m
              [0mNumber of attempts: [0m
              [0m4[0m
            [36m</p>[39m
            [36m<p>[39m
              [0mQuiz in progress: [0m
              [0mNo[0m
            [36m</p>[39m
            [36m<button[39m
              [33mclass[39m=[32m"btn btn-primary"[39m
              [33mtype[39m=[32m"button"[39m
            [36m>[39m
              [0mStart Quiz[0m
            [36m</button>[39m
            [36m<button[39m
              [33mclass[39m=[32m"btn btn-primary"[39m
              [33mdisabled[39m=[32m""[39m
              [33mtype[39m=[32m"button"[39m
            [36m>[39m
              [0mStop Quiz[0m
            [36m</button>[39m
            [36m<button[39m
              [33mclass[39m=[32m"btn btn-primary"[39m
              [33mtype[39m=[32m"button"[39m
            [36m>[39m
              [0mMulligan[0m
            [36m</button>[39m
          [36m</div>[39m
          [36m<hr />[39m
          [36m<div>[39m
            [36m<span[39m
              [33mdata-testid[39m=[32m"left-die"[39m
            [36m>[39m
              [0m1[0m
            [36m</span>[39m
            [36m<span[39m
              [33mdata-testid[39m=[32m"right-die"[39m
            [36m>[39m
              [0m2[0m
            [36m</span>[39m
            [36m<div>[39m
              [36m<button[39m
                [33mclass[39m=[32m"btn btn-primary"[39m
                [33mtype[39m=[32m"button"[39m
              [36m>[39m
                [0mRoll Left[0m
              [36m</button>[39m
              [36m<button[39m
                [33mclass[39m=[32m"btn btn-primary"[39m
                [33mtype[39m=[32m"button"[39m
              [36m>[39m
                [0mRoll Right[0m
              [36m</button>[39m
            [36m</div>[39m
          [36m</div>[39m
          [36m<hr />[39m
          [36m<div>[39m
            [36m<span>[39m
              [36m<button[39m
                [33mclass[39m=[32m"btn btn-primary"[39m
                [33mtype[39m=[32m"button"[39m
              [36m>[39m
                [0mChange Type[0m
              [36m</button>[39m
            [36m</span>[39m
            [36m<p>[39m
              [0mShort Answer[0m
            [36m</p>[39m
          [36m</div>[39m
          [36m<hr />[39m
          [36m<div>[39m
            [36m<p>[39m
              [0mHoliday: [0m
              [0m🎏[0m
            [36m</p>[39m
            [36m<button[39m
              [33mclass[39m=[32m"btn btn-primary"[39m
              [33mtype[39m=[32m"button"[39m
            [36m>[39m
              [0mAdvance by Alphabet[0m
            [36m</button>[39m
            [36m<button[39m
              [33mclass[39m=[32m"btn btn-primary"[39m
              [33mtype[39m=[32m"button"[39m
            [36m>[39m
              [0mAdvance by Year[0m
            [36m</button>[39m
          [36m</div>[39m
          [36m<div[39m
            [33mclass[39m=[32m"App-spacer"[39m
          [36m/>[39m
        [36m</div>[39m
      [36m</div>[39m
    [36m</body>[39m

       7 |     test("There is a header", () => {
       8 |         render(<App />);
    >  9 |         const header = screen.getByRole("heading");
         |                               ^
      10 |         expect(header).toBeInTheDocument();
      11 |     });
      12 |

      at Object.getElementError (node_modules/@testing-library/dom/dist/config.js:38:19)
      at getElementError (node_modules/@testing-library/dom/dist/query-helpers.js:25:35)
      at getMultipleElementsFoundError (node_modules/@testing-library/dom/dist/query-helpers.js:29:10)
      at node_modules/@testing-library/dom/dist/query-helpers.js:66:13
      at getByRole (node_modules/@testing-library/dom/dist/query-helpers.js:111:19)
      at Object.<anonymous> (src/HtmlCss.test.tsx:9:31)

PASS src/components/ChangeType.test.tsx
PASS src/components/CycleHoliday.test.tsx
FAIL src/form-components/GiveAttempts.test.tsx
  ● GiveAttempts Component tests › You can use attempts

    TestingLibraryElementError: Found multiple elements with the text: /0/i

    Here are the matching elements:

    Ignored nodes: comments, <script />, <style />
    [36m<h4>[39m
      [0mNumber of attempts left: [0m
      [0m0[0m
    [36m</h4>[39m

    Ignored nodes: comments, <script />, <style />
    [36m<h4>[39m
      [0mNumber of attempts requested: [0m
      [0m0[0m
    [36m</h4>[39m

    (If this is intentional, then use the `*AllBy*` variant of the query (like `queryAllByText`, `getAllByText`, or `findAllByText`)).

    Ignored nodes: comments, <script />, <style />
    [36m<body>[39m
      [36m<div>[39m
        [36m<div>[39m
          [36m<h3>[39m
            [0mGive Attempts[0m
          [36m</h3>[39m
          [36m<h4>[39m
            [0mNumber of attempts left: [0m
            [0m0[0m
          [36m</h4>[39m
          [36m<h4>[39m
            [0mNumber of attempts requested: [0m
            [0m0[0m
          [36m</h4>[39m
          [36m<div>[39m
            [36m<label[39m
              [33mclass[39m=[32m"form-label"[39m
              [33mfor[39m=[32m"formRequestAttempts"[39m
            [36m>[39m
              [0mRequest Attempts:[0m
            [36m</label>[39m
            [36m<input[39m
              [33mclass[39m=[32m"form-control"[39m
              [33mid[39m=[32m"formRequestAttempts"[39m
              [33mtype[39m=[32m"number"[39m
              [33mvalue[39m=[32m"0"[39m
            [36m/>[39m
          [36m</div>[39m
          [36m<button[39m
            [33mclass[39m=[32m"btn btn-primary"[39m
            [33mtype[39m=[32m"button"[39m
          [36m>[39m
            [0muse[0m
          [36m</button>[39m
          [36m<button[39m
            [33mclass[39m=[32m"btn btn-primary"[39m
            [33mdisabled[39m=[32m""[39m
            [33mtype[39m=[32m"button"[39m
          [36m>[39m
            [0mgain[0m
          [36m</button>[39m
        [36m</div>[39m
      [36m</div>[39m
    [36m</body>[39m

      24 |         use.click();
      25 |         use.click();
    > 26 |         expect(screen.getByText(/0/i)).toBeInTheDocument();
         |                       ^
      27 |         expect(use).toBeDisabled();
      28 |     });
      29 |     test("You can gain arbitrary attempts", () => {

      at Object.getElementError (node_modules/@testing-library/dom/dist/config.js:38:19)
      at getElementError (node_modules/@testing-library/dom/dist/query-helpers.js:25:35)
      at getMultipleElementsFoundError (node_modules/@testing-library/dom/dist/query-helpers.js:29:10)
      at node_modules/@testing-library/dom/dist/query-helpers.js:66:13
      at getByText (node_modules/@testing-library/dom/dist/query-helpers.js:111:19)
      at Object.<anonymous> (src/form-components/GiveAttempts.test.tsx:26:23)

FAIL src/form-components/ChangeColor.test.tsx
  ● ChangeColor Component tests › Switching the color switches the displayed color.

    expect(element).toHaveStyle()

    - Expected

    - backgroundColor: red;

      16 |         let coloredBox = screen.getByTestId("colored-box");
      17 |         expect(coloredBox).toHaveTextContent(radios[0].value);
    > 18 |         expect(coloredBox).toHaveStyle({ backgroundColor: radios[0].value });
         |                            ^
      19 |         // Switch to third
      20 |         radios[2].click();
      21 |         coloredBox = screen.getByTestId("colored-box");

      at Object.<anonymous> (src/form-components/ChangeColor.test.tsx:18:28)

PASS src/components/Counter.test.tsx
PASS src/components/RevealAnswer.test.tsx
FAIL src/bad-components/ColoredBox.test.tsx
  ● ColoredBox Component tests › Clicking the button advances the color.

    expect(element).toHaveStyle()

    - Expected

    - backgroundColor: green;

      21 |         });
      22 |         nextColor.click();
    > 23 |         expect(screen.getByTestId("colored-box")).toHaveStyle({
         |                                                   ^
      24 |             backgroundColor: "green"
      25 |         });
      26 |         nextColor.click();

      at Object.<anonymous> (src/bad-components/ColoredBox.test.tsx:23:51)

FAIL src/bad-components/ShoveBox.test.tsx
  ● ShoveBox Component tests › Clicking the button moves the box.

    expect(element).toHaveStyle()

    - Expected

    - marginLeft: 18px;

      21 |         });
      22 |         shoveBox.click();
    > 23 |         expect(screen.getByTestId("moveable-box")).toHaveStyle({
         |                                                    ^
      24 |             marginLeft: "18px"
      25 |         });
      26 |         shoveBox.click();

      at Object.<anonymous> (src/bad-components/ShoveBox.test.tsx:23:52)

PASS src/text.test.tsx
PASS src/App.test.tsx
-----------------------------|---------|----------|---------|---------|-------------------
File                         | % Stmts | % Branch | % Funcs | % Lines | Uncovered Line #s 
-----------------------------|---------|----------|---------|---------|-------------------
All files                    |   97.26 |    99.15 |   93.93 |   97.18 |                   
 src                         |     100 |      100 |     100 |     100 |                   
  App.tsx                    |     100 |      100 |     100 |     100 |                   
  arrays.ts                  |     100 |      100 |     100 |     100 |                   
  functions.ts               |     100 |      100 |     100 |     100 |                   
  nested.ts                  |     100 |      100 |     100 |     100 |                   
  objects.ts                 |     100 |      100 |     100 |     100 |                   
 src/bad-components          |   96.66 |       50 |     100 |   96.42 |                   
  ChooseTeam.tsx             |     100 |       50 |     100 |     100 | 18                
  ColoredBox.tsx             |     100 |      100 |     100 |     100 |                   
  DoubleHalf.tsx             |     100 |      100 |     100 |     100 |                   
  DoubleHalfState.tsx        |       0 |      100 |     100 |       0 | 3                 
  ShoveBox.tsx               |     100 |      100 |     100 |     100 |                   
 src/components              |     100 |      100 |     100 |     100 |                   
  ChangeType.tsx             |     100 |      100 |     100 |     100 |                   
  Counter.tsx                |     100 |      100 |     100 |     100 |                   
  CycleHoliday.tsx           |     100 |      100 |     100 |     100 |                   
  RevealAnswer.tsx           |     100 |      100 |     100 |     100 |                   
  StartAttempt.tsx           |     100 |      100 |     100 |     100 |                   
  TwoDice.tsx                |     100 |      100 |     100 |     100 |                   
 src/form-components         |   73.33 |      100 |   63.63 |   73.33 |                   
  ChangeColor.tsx            |      20 |      100 |   11.11 |      20 | 14-98             
  CheckAnswer.tsx            |     100 |      100 |     100 |     100 |                   
  EditMode.tsx               |     100 |      100 |     100 |     100 |                   
  GiveAttempts.tsx           |     100 |      100 |     100 |     100 |                   
  MultipleChoiceQuestion.tsx |     100 |      100 |     100 |     100 |                   
 src/interfaces              |       0 |        0 |       0 |       0 |                   
  answer.ts                  |       0 |        0 |       0 |       0 |                   
  question.ts                |       0 |        0 |       0 |       0 |                   
-----------------------------|---------|----------|---------|---------|-------------------

Summary of all failing tests
FAIL src/nested.test.ts
  ● Testing the Question[] functions › Testing the editOption function

    expect(received).toEqual(expected) // deep equality

    - Expected  - 1
    + Received  + 1

    @@ -23,11 +23,11 @@
          "body": "Which of these is a color?",
          "expected": "red",
          "id": 5,
          "name": "Colors",
          "options": Array [
    -       "red",
    +       "newspaper",
            "apple",
            "newspaper",
          ],
          "points": 1,
          "published": true,

      1044 |         ]);
      1045 |
    > 1046 |         expect(editOption(SIMPLE_QUESTIONS, 5, 2, "newspaper")).toEqual([
           |                                                                 ^
      1047 |             {
      1048 |                 id: 1,
      1049 |                 name: "Addition",

      at Object.<anonymous> (src/nested.test.ts:1046:65)

FAIL src/bad-components/DoubleHalf.test.tsx
  ● DoubleHalf Component tests › You can double AND halve the number.

    TestingLibraryElementError: Unable to find an element with the text: 40. This could be because the text is broken up by multiple elements. In this case, you can provide a function for your text matcher to make your matcher more flexible.

    Ignored nodes: comments, <script />, <style />
    [36m<body>[39m
      [36m<div>[39m
        [36m<div>[39m
          [36m<h3>[39m
            [0mDouble Half[0m
          [36m</h3>[39m
          [36m<div>[39m
            [0mThe current value is: [0m
            [36m<span>[39m
              [0m20[0m
            [36m</span>[39m
          [36m</div>[39m
          [36m<button[39m
            [33mclass[39m=[32m"btn btn-primary"[39m
            [33mtype[39m=[32m"button"[39m
          [36m>[39m
            [0mDouble[0m
          [36m</button>[39m
          [36m<button[39m
            [33mclass[39m=[32m"btn btn-primary"[39m
            [33mtype[39m=[32m"button"[39m
          [36m>[39m
            [0mHalve[0m
          [36m</button>[39m
        [36m</div>[39m
      [36m</div>[39m
    [36m</body>[39m

      39 |         expect(screen.queryByText("10")).not.toBeInTheDocument();
      40 |         double.click();
    > 41 |         expect(screen.getByText("40")).toBeInTheDocument();
         |                       ^
      42 |         expect(screen.queryByText("20")).not.toBeInTheDocument();
      43 |         halve.click();
      44 |         expect(screen.getByText("20")).toBeInTheDocument();

      at Object.getElementError (node_modules/@testing-library/dom/dist/config.js:38:19)
      at node_modules/@testing-library/dom/dist/query-helpers.js:90:38
      at node_modules/@testing-library/dom/dist/query-helpers.js:62:17
      at getByText (node_modules/@testing-library/dom/dist/query-helpers.js:111:19)
      at Object.<anonymous> (src/bad-components/DoubleHalf.test.tsx:41:23)

FAIL src/HtmlCss.test.tsx
  ● Some HTML Elements are added. › There is a header

    TestingLibraryElementError: Found multiple elements with the role "heading"

    Here are the matching elements:

    Ignored nodes: comments, <script />, <style />
    [36m<h1[39m
      [33mclass[39m=[32m"App-header2"[39m
    [36m>[39m
      [0mInteresting...[0m
    [36m</h1>[39m

    Ignored nodes: comments, <script />, <style />
    [36m<h3>[39m
      [0mDouble Half[0m
    [36m</h3>[39m

    Ignored nodes: comments, <script />, <style />
    [36m<h3>[39m
      [0mCheck Answer[0m
    [36m</h3>[39m

    Ignored nodes: comments, <script />, <style />
    [36m<h3>[39m
      [0mGive Attempts[0m
    [36m</h3>[39m

    Ignored nodes: comments, <script />, <style />
    [36m<h4>[39m
      [0mNumber of attempts left: [0m
      [0m3[0m
    [36m</h4>[39m

    Ignored nodes: comments, <script />, <style />
    [36m<h4>[39m
      [0mNumber of attempts requested: [0m
      [0m0[0m
    [36m</h4>[39m

    Ignored nodes: comments, <script />, <style />
    [36m<h3>[39m
      [0mEdit Mode[0m
    [36m</h3>[39m

    Ignored nodes: comments, <script />, <style />
    [36m<h3>[39m
      [0mChange Color[0m
    [36m</h3>[39m

    Ignored nodes: comments, <script />, <style />
    [36m<h4[39m
      [33mclass[39m=[32m"red"[39m
      [33mdata-testid[39m=[32m"colored-box"[39m
    [36m>[39m
      [0mThe color is [0m
      [0mred[0m
    [36m</h4>[39m

    Ignored nodes: comments, <script />, <style />
    [36m<h3>[39m
      [0mMultiple Choice Question[0m
    [36m</h3>[39m

    Ignored nodes: comments, <script />, <style />
    [36m<h3>[39m
      [0mChoose Team[0m
    [36m</h3>[39m

    Ignored nodes: comments, <script />, <style />
    [36m<h3>[39m
      [0mColored Box[0m
    [36m</h3>[39m

    Ignored nodes: comments, <script />, <style />
    [36m<h3>[39m
      [0mShove Box[0m
    [36m</h3>[39m

    (If this is intentional, then use the `*AllBy*` variant of the query (like `queryAllByText`, `getAllByText`, or `findAllByText`)).

    Ignored nodes: comments, <script />, <style />
    [36m<body>[39m
      [36m<div>[39m
        [36m<div[39m
          [33mclass[39m=[32m"App"[39m
        [36m>[39m
          [36m<header[39m
            [33mclass[39m=[32m"App-header"[39m
          [36m>[39m
            [0mPhilip Colborn UD CISC275 with t Hooks and TypeScript[0m
          [36m</header>[39m
          [36m<p>[39m
            [0mEdit [0m
            [36m<code>[39m
              [0msrc/App.tsx[0m
            [36m</code>[39m
            [0m and save. This page will automatically reload. Hello World!.[0m
          [36m</p>[39m
          [36m<h1[39m
            [33mclass[39m=[32m"App-header2"[39m
          [36m>[39m
            [0mInteresting...[0m
          [36m</h1>[39m
          [36m<img[39m
            [33malt[39m=[32m"oppenheimer"[39m
            [33mheight[39m=[32m"400"[39m
            [33msrc[39m=[32m"https://m.media-amazon.com/images/M/MV5BNmNkNWU5NzUtNmVkNS00ZDE2LTg0NjgtNTIxNWYxOWIyM2FlXkEyXkFqcGdeQWFkcmllY2xh._V1_.jpg"[39m
            [33mwidth[39m=[32m"500"[39m
          [36m/>[39m
          [36m<p>[39m
            [0m [0m
          [36m</p>[39m
          [36m<div[39m
            [33mclass[39m=[32m"container"[39m
          [36m>[39m
            [36m<div[39m
              [33mclass[39m=[32m"row"[39m
            [36m>[39m
              [36m<div[39m
                [33mclass[39m=[32m"col"[39m
              [36m>[39m
                [36m<div[39m
                  [33mclass[39m=[32m"App-rect"[39m
                [36m/>[39m
                [36m<ul>[39m
                  [36m<li>[39m
                    [0mMonkey[0m
                  [36m</li>[39m
                  [36m<li>[39m
                    [0mHorse[0m
                  [36m</li>[39m
                  [36m<li>[39m
                    [0mFrog[0m
                  [36m</li>[39m
                [36m</ul>[39m
              [36m</div>[39m
              [36m<div[39m
                [33mclass[39m=[32m"col"[39m
              [36m>[39m
                [36m<div[39m
                  [33mclass[39m=[32m"App-rect"[39m
                [36m/>[39m
                [36m<button[39m
                  [33mclass[39m=[32m"btn btn-primary"[39m
                  [33mtype[39m=[32m"button"[39m
                [36m>[39m
                  [0mLog Hello World![0m
                [36m</button>[39m
              [36m</div>[39m
            [36m</div>[39m
          [36m</div>[39m
          [36m<hr />[39m
          [36m<div>[39m
            [36m<h3>[39m
              [0mDouble Half[0m
            [36m</h3>[39m
            [36m<div>[39m
              [0mThe current value is: [0m
              [36m<span>[39m
                [0m10[0m
              [36m</span>[39m
            [36m</div>[39m
            [36m<button[39m
              [33mclass[39m=[32m"btn btn-primary"[39m
              [33mtype[39m=[32m"button"[39m
            [36m>[39m
              [0mDouble[0m
            [36m</button>[39m
            [36m<button[39m
              [33mclass[39m=[32m"btn btn-primary"[39m
              [33mtype[39m=[32m"button"[39m
            [36m>[39m
              [0mHalve[0m
            [36m</button>[39m
          [36m</div>[39m
          [36m<hr />[39m
          [36m<div>[39m
            [36m<h3>[39m
              [0mCheck Answer[0m
            [36m</h3>[39m
            [36m<div>[39m
              [36m<label[39m
                [33mclass[39m=[32m"form-label"[39m
                [33mfor[39m=[32m"formGivenValue"[39m
              [36m>[39m
                [0mAnswer:[0m
              [36m</label>[39m
              [36m<input[39m
                [33mclass[39m=[32m"form-control"[39m
                [33mid[39m=[32m"formGivenValue"[39m
                [33mvalue[39m=[32m""[39m
              [36m/>[39m
            [36m</div>[39m
            [36m<div>[39m
              [0mThe given answer is: [0m
              [0m[0m
            [36m</div>[39m
            [36m<p>[39m
              [0m❌[0m
            [36m</p>[39m
          [36m</div>[39m
          [36m<hr />[39m
          [36m<div>[39m
            [36m<h3>[39m
              [0mGive Attempts[0m
            [36m</h3>[39m
            [36m<h4>[39m
              [0mNumber of attempts left: [0m
              [0m3[0m
            [36m</h4>[39m
            [36m<h4>[39m
              [0mNumber of attempts requested: [0m
              [0m0[0m
            [36m</h4>[39m
            [36m<div>[39m
              [36m<label[39m
                [33mclass[39m=[32m"form-label"[39m
                [33mfor[39m=[32m"formRequestAttempts"[39m
              [36m>[39m
                [0mRequest Attempts:[0m
              [36m</label>[39m
              [36m<input[39m
                [33mclass[39m=[32m"form-control"[39m
                [33mid[39m=[32m"formRequestAttempts"[39m
                [33mtype[39m=[32m"number"[39m
                [33mvalue[39m=[32m"0"[39m
              [36m/>[39m
            [36m</div>[39m
            [36m<button[39m
              [33mclass[39m=[32m"btn btn-primary"[39m
              [33mtype[39m=[32m"button"[39m
            [36m>[39m
              [0muse[0m
            [36m</button>[39m
            [36m<button[39m
              [33mclass[39m=[32m"btn btn-primary"[39m
              [33mtype[39m=[32m"button"[39m
            [36m>[39m
              [0mgain[0m
            [36m</button>[39m
          [36m</div>[39m
          [36m<hr />[39m
          [36m<div>[39m
            [36m<h3>[39m
              [0mEdit Mode[0m
            [36m</h3>[39m
            [36m<div[39m
              [33mclass[39m=[32m"center"[39m
            [36m>[39m
              [36m<div[39m
                [33mclass[39m=[32m"form-check form-switch"[39m
              [36m>[39m
                [36m<input[39m
                  [33mclass[39m=[32m"form-check-input"[39m
                  [33mid[39m=[32m"is-editing"[39m
                  [33mtype[39m=[32m"checkbox"[39m
                [36m/>[39m
                [36m<label[39m
                  [33mclass[39m=[32m"form-check-label"[39m
                  [33mfor[39m=[32m"is-editing"[39m
                  [33mtitle[39m=[32m""[39m
                [36m>[39m
                  [0mEditing?[0m
                [36m</label>[39m
              [36m</div>[39m
            [36m</div>[39m
            [36m<p>[39m
              [0mYour name[0m
              [0m is a student[0m
            [36m</p>[39m
          [36m</div>[39m
          [36m<hr />[39m
          [36m<div>[39m
            [36m<h3>[39m
              [0mChange Color[0m
            [36m</h3>[39m
            [36m<div[39m
              [33mclass[39m=[32m"form-check form-check-inline"[39m
            [36m>[39m
              [36m<input[39m
                [33mchecked[39m=[32m""[39m
                [33mclass[39m=[32m"form-check-input"[39m
                [33mid[39m=[32m"color-check-red"[39m
                [33mname[39m=[32m"colors"[39m
                [33mtype[39m=[32m"radio"[39m
                [33mvalue[39m=[32m"red"[39m
              [36m/>[39m
              [36m<label[39m
                [33mclass[39m=[32m"form-check-label"[39m
                [33mfor[39m=[32m"color-check-red"[39m
                [33mtitle[39m=[32m""[39m
              [36m>[39m
                [0mred[0m
              [36m</label>[39m
            [36m</div>[39m
            [36m<div[39m
              [33mclass[39m=[32m"form-check form-check-inline"[39m
            [36m>[39m
              [36m<input[39m
                [33mclass[39m=[32m"form-check-input"[39m
                [33mid[39m=[32m"color-check-red"[39m
                [33mname[39m=[32m"colors"[39m
                [33mtype[39m=[32m"radio"[39m
                [33mvalue[39m=[32m"blue"[39m
              [36m/>[39m
              [36m<label[39m
                [33mclass[39m=[32m"form-check-label"[39m
                [33mfor[39m=[32m"color-check-red"[39m
                [33mtitle[39m=[32m""[39m
              [36m>[39m
                [0mblue[0m
              [36m</label>[39m
            [36m</div>[39m
            [36m<div[39m
              [33mclass[39m=[32m"form-check form-check-inline"[39m
            [36m>[39m
              [36m<input[39m
                [33mclass[39m=[32m"form-check-input"[39m
                [33mid[39m=[32m"color-check-red"[39m
                [33mname[39m=[32m"colors"[39m
                [33mtype[39m=[32m"radio"[39m
                [33mvalue[39m=[32m"green"[39m
              [36m/>[39m
              [36m<label[39m
                [33mclass[39m=[32m"form-check-label"[39m
                [33mfor[39m=[32m"color-check-red"[39m
                [33mtitle[39m=[32m""[39m
              [36m>[39m
                [0mgreen[0m
              [36m</label>[39m
            [36m</div>[39m
            [36m<div[39m
              [33mclass[39m=[32m"form-check form-check-inline"[39m
            [36m>[39m
              [36m<input[39m
                [33mclass[39m=[32m"form-check-input"[39m
                [33mid[39m=[32m"color-check-red"[39m
                [33mname[39m=[32m"colors"[39m
                [33mtype[39m=[32m"radio"[39m
                [33mvalue[39m=[32m"gold"[39m
              [36m/>[39m
              [36m<label[39m
                [33mclass[39m=[32m"form-check-label"[39m
                [33mfor[39m=[32m"color-check-red"[39m
                [33mtitle[39m=[32m""[39m
              [36m>[39m
                [0mgold[0m
              [36m</label>[39m
            [36m</div>[39m
            [36m<div[39m
              [33mclass[39m=[32m"form-check form-check-inline"[39m
            [36m>[39m
              [36m<input[39m
                [33mclass[39m=[32m"form-check-input"[39m
                [33mid[39m=[32m"color-check-red"[39m
                [33mname[39m=[32m"colors"[39m
                [33mtype[39m=[32m"radio"[39m
                [33mvalue[39m=[32m"maroon"[39m
              [36m/>[39m
              [36m<label[39m
                [33mclass[39m=[32m"form-check-label"[39m
                [33mfor[39m=[32m"color-check-red"[39m
                [33mtitle[39m=[32m""[39m
              [36m>[39m
                [0mmaroon[0m
              [36m</label>[39m
            [36m</div>[39m
            [36m<div[39m
              [33mclass[39m=[32m"form-check form-check-inline"[39m
            [36m>[39m
              [36m<input[39m
                [33mclass[39m=[32m"form-check-input"[39m
                [33mid[39m=[32m"color-check-red"[39m
                [33mname[39m=[32m"colors"[39m
                [33mtype[39m=[32m"radio"[39m
                [33mvalue[39m=[32m"aquamarine"[39m
              [36m/>[39m
              [36m<label[39m
                [33mclass[39m=[32m"form-check-label"[39m
                [33mfor[39m=[32m"color-check-red"[39m
                [33mtitle[39m=[32m""[39m
              [36m>[39m
                [0maquamarine[0m
              [36m</label>[39m
            [36m</div>[39m
            [36m<div[39m
              [33mclass[39m=[32m"form-check form-check-inline"[39m
            [36m>[39m
              [36m<input[39m
                [33mclass[39m=[32m"form-check-input"[39m
                [33mid[39m=[32m"color-check-red"[39m
                [33mname[39m=[32m"colors"[39m
                [33mtype[39m=[32m"radio"[39m
                [33mvalue[39m=[32m"silver"[39m
              [36m/>[39m
              [36m<label[39m
                [33mclass[39m=[32m"form-check-label"[39m
                [33mfor[39m=[32m"color-check-red"[39m
                [33mtitle[39m=[32m""[39m
              [36m>[39m
                [0msilver[0m
              [36m</label>[39m
            [36m</div>[39m
            [36m<div[39m
              [33mclass[39m=[32m"form-check form-check-inline"[39m
            [36m>[39m
              [36m<input[39m
                [33mclass[39m=[32m"form-check-input"[39m
                [33mid[39m=[32m"color-check-red"[39m
                [33mname[39m=[32m"colors"[39m
                [33mtype[39m=[32m"radio"[39m
                [33mvalue[39m=[32m"purple"[39m
              [36m/>[39m
              [36m<label[39m
                [33mclass[39m=[32m"form-check-label"[39m
                [33mfor[39m=[32m"color-check-red"[39m
                [33mtitle[39m=[32m""[39m
              [36m>[39m
                [0mpurple[0m
              [36m</label>[39m
            [36m</div>[39m
            [36m<h4[39m
              [33mclass[39m=[32m"red"[39m
              [33mdata-testid[39m=[32m"colored-box"[39m
            [36m>[39m
              [0mThe color is [0m
              [0mred[0m
            [36m</h4>[39m
          [36m</div>[39m
          [36m<hr />[39m
          [36m<div>[39m
            [36m<h3>[39m
              [0mMultiple Choice Question[0m
            [36m</h3>[39m
            [36m<div>[39m
              [36m<label[39m
                [33mclass[39m=[32m"form-label"[39m
                [33mfor[39m=[32m"userEmotions"[39m
              [36m>[39m
                [0mHow do you feel?[0m
              [36m</label>[39m
              [36m<select[39m
                [33mclass[39m=[32m"form-select"[39m
                [33mid[39m=[32m"userEmotions"[39m
              [36m>[39m
                [36m<option[39m
                  [33mvalue[39m=[32m"a"[39m
                [36m>[39m
                  [0ma[0m
                [36m</option>[39m
                [36m<option[39m
                  [33mvalue[39m=[32m"b"[39m
                [36m>[39m
                  [0mb[0m
                [36m</option>[39m
                [36m<option[39m
                  [33mvalue[39m=[32m"c"[39m
                [36m>[39m
                  [0mc[0m
                [36m</option>[39m
              [36m</select>[39m
            [36m</div>[39m
            [36m<p>[39m
              [0m❌[0m
            [36m</p>[39m
          [36m</div>[39m
          [36m<hr />[39m
          [36m<div>[39m
            [36m<h3>[39m
              [0mChoose Team[0m
            [36m</h3>[39m
            [36m<div[39m
              [33mclass[39m=[32m"row"[39m
            [36m>[39m
              [36m<div[39m
                [33mclass[39m=[32m"col"[39m
              [36m>[39m
                [36m<div[39m
                  [33mstyle[39m=[32m"margin-bottom: 4px;"[39m
                [36m>[39m
                  [0mAdd[0m
                  [0m [0m
                  [36m<button[39m
                    [33mclass[39m=[32m"btn btn-primary btn-sm"[39m
                    [33mtype[39m=[32m"button"[39m
                  [36m>[39m
                    [0mAlan Turing[0m
                  [36m</button>[39m
                [36m</div>[39m
                [36m<div[39m
                  [33mstyle[39m=[32m"margin-bottom: 4px;"[39m
                [36m>[39m
                  [0mAdd[0m
                  [0m [0m
                  [36m<button[39m
                    [33mclass[39m=[32m"btn btn-primary btn-sm"[39m
                    [33mtype[39m=[32m"button"[39m
                  [36m>[39m
                    [0mGrace Hopper[0m
                  [36m</button>[39m
                [36m</div>[39m
                [36m<div[39m
                  [33mstyle[39m=[32m"margin-bottom: 4px;"[39m
                [36m>[39m
                  [0mAdd[0m
                  [0m [0m
                  [36m<button[39m
                    [33mclass[39m=[32m"btn btn-primary btn-sm"[39m
                    [33mtype[39m=[32m"button"[39m
                  [36m>[39m
                    [0mAda Lovelace[0m
                  [36m</button>[39m
                [36m</div>[39m
                [36m<div[39m
                  [33mstyle[39m=[32m"margin-bottom: 4px;"[39m
                [36m>[39m
                  [0mAdd[0m
                  [0m [0m
                  [36m<button[39m
                    [33mclass[39m=[32m"btn btn-primary btn-sm"[39m
                    [33mtype[39m=[32m"button"[39m
                  [36m>[39m
                    [0mCharles Babbage[0m
                  [36m</button>[39m
                [36m</div>[39m
                [36m<div[39m
                  [33mstyle[39m=[32m"margin-bottom: 4px;"[39m
                [36m>[39m
                  [0mAdd[0m
                  [0m [0m
                  [36m<button[39m
                    [33mclass[39m=[32m"btn btn-primary btn-sm"[39m
                    [33mtype[39m=[32m"button"[39m
                  [36m>[39m
                    [0mBarbara Liskov[0m
                  [36m</button>[39m
                [36m</div>[39m
                [36m<div[39m
                  [33mstyle[39m=[32m"margin-bottom: 4px;"[39m
                [36m>[39m
                  [0mAdd[0m
                  [0m [0m
                  [36m<button[39m
                    [33mclass[39m=[32m"btn btn-primary btn-sm"[39m
                    [33mtype[39m=[32m"button"[39m
                  [36m>[39m
                    [0mMargaret Hamilton[0m
                  [36m</button>[39m
                [36m</div>[39m
              [36m</div>[39m
              [36m<div[39m
                [33mclass[39m=[32m"col"[39m
              [36m>[39m
                [36m<strong>[39m
                  [0mTeam:[0m
                [36m</strong>[39m
                [36m<button[39m
                  [33mclass[39m=[32m"btn btn-primary"[39m
                  [33mtype[39m=[32m"button"[39m
                [36m>[39m
                  [0mClear Team[0m
                [36m</button>[39m
              [36m</div>[39m
            [36m</div>[39m
          [36m</div>[39m
          [36m<hr />[39m
          [36m<div>[39m
            [36m<h3>[39m
              [0mColored Box[0m
            [36m</h3>[39m
            [36m<span>[39m
              [0mThe current color is: [0m
              [0mred[0m
            [36m</span>[39m
            [36m<div>[39m
              [36m<button[39m
                [33mclass[39m=[32m"btn btn-primary"[39m
                [33mtype[39m=[32m"button"[39m
              [36m>[39m
                [0mNext Color[0m
              [36m</button>[39m
              [36m<div[39m
                [33mdata-testid[39m=[32m"colored-box"[39m
                [33mstyle[39m=[32m"width: 50px; height: 50px; background-color: red; display: inline-block; vertical-align: bottom; margin-left: 5px;"[39m
              [36m/>[39m
            [36m</div>[39m
          [36m</div>[39m
          [36m<hr />[39m
          [36m<div>[39m
            [36m<h3>[39m
              [0mShove Box[0m
            [36m</h3>[39m
            [36m<span>[39m
              [0mThe box is at: [0m
              [0m10[0m
            [36m</span>[39m
            [36m<div>[39m
              [36m<button[39m
                [33mclass[39m=[32m"btn btn-primary"[39m
                [33mtype[39m=[32m"button"[39m
              [36m>[39m
                [0mShove the Box[0m
              [36m</button>[39m
              [36m<div[39m
                [33mdata-testid[39m=[32m"moveable-box"[39m
                [33mstyle[39m=[32m"width: 50px; height: 50px; background-color: lightblue; border: 1px solid blue; display: inline-block; vertical-align: bottom; margin-left: 10px;"[39m
              [36m/>[39m
            [36m</div>[39m
          [36m</div>[39m
          [36m<hr />[39m
          [36m<span>[39m
            [36m<button[39m
              [33mclass[39m=[32m"btn btn-primary"[39m
              [33mtype[39m=[32m"button"[39m
            [36m>[39m
              [0mAdd One[0m
            [36m</button>[39m
            [0mto [0m
            [0m0[0m
            [0m.[0m
          [36m</span>[39m
          [36m<hr />[39m
          [36m<div>[39m
            [36m<button[39m
              [33mclass[39m=[32m"btn btn-primary"[39m
              [33mtype[39m=[32m"button"[39m
            [36m>[39m
              [0mReveal Answer[0m
            [36m</button>[39m
          [36m</div>[39m
          [36m<hr />[39m
          [36m<div>[39m
            [36m<p>[39m
              [0mNumber of attempts: [0m
              [0m4[0m
            [36m</p>[39m
            [36m<p>[39m
              [0mQuiz in progress: [0m
              [0mNo[0m
            [36m</p>[39m
            [36m<button[39m
              [33mclass[39m=[32m"btn btn-primary"[39m
              [33mtype[39m=[32m"button"[39m
            [36m>[39m
              [0mStart Quiz[0m
            [36m</button>[39m
            [36m<button[39m
              [33mclass[39m=[32m"btn btn-primary"[39m
              [33mdisabled[39m=[32m""[39m
              [33mtype[39m=[32m"button"[39m
            [36m>[39m
              [0mStop Quiz[0m
            [36m</button>[39m
            [36m<button[39m
              [33mclass[39m=[32m"btn btn-primary"[39m
              [33mtype[39m=[32m"button"[39m
            [36m>[39m
              [0mMulligan[0m
            [36m</button>[39m
          [36m</div>[39m
          [36m<hr />[39m
          [36m<div>[39m
            [36m<span[39m
              [33mdata-testid[39m=[32m"left-die"[39m
            [36m>[39m
              [0m1[0m
            [36m</span>[39m
            [36m<span[39m
              [33mdata-testid[39m=[32m"right-die"[39m
            [36m>[39m
              [0m2[0m
            [36m</span>[39m
            [36m<div>[39m
              [36m<button[39m
                [33mclass[39m=[32m"btn btn-primary"[39m
                [33mtype[39m=[32m"button"[39m
              [36m>[39m
                [0mRoll Left[0m
              [36m</button>[39m
              [36m<button[39m
                [33mclass[39m=[32m"btn btn-primary"[39m
                [33mtype[39m=[32m"button"[39m
              [36m>[39m
                [0mRoll Right[0m
              [36m</button>[39m
            [36m</div>[39m
          [36m</div>[39m
          [36m<hr />[39m
          [36m<div>[39m
            [36m<span>[39m
              [36m<button[39m
                [33mclass[39m=[32m"btn btn-primary"[39m
                [33mtype[39m=[32m"button"[39m
              [36m>[39m
                [0mChange Type[0m
              [36m</button>[39m
            [36m</span>[39m
            [36m<p>[39m
              [0mShort Answer[0m
            [36m</p>[39m
          [36m</div>[39m
          [36m<hr />[39m
          [36m<div>[39m
            [36m<p>[39m
              [0mHoliday: [0m
              [0m��[0m
            [36m</p>[39m
            [36m<button[39m
              [33mclass[39m=[32m"btn btn-primary"[39m
              [33mtype[39m=[32m"button"[39m
            [36m>[39m
              [0mAdvance by Alphabet[0m
            [36m</button>[39m
            [36m<button[39m
              [33mclass[39m=[32m"btn btn-primary"[39m
              [33mtype[39m=[32m"button"[39m
            [36m>[39m
              [0mAdvance by Year[0m
            [36m</button>[39m
          [36m</div>[39m
          [36m<div[39m
            [33mclass[39m=[32m"App-spacer"[39m
          [36m/>[39m
        [36m</div>[39m
      [36m</div>[39m
    [36m</body>[39m

       7 |     test("There is a header", () => {
       8 |         render(<App />);
    >  9 |         const header = screen.getByRole("heading");
         |                               ^
      10 |         expect(header).toBeInTheDocument();
      11 |     });
      12 |

      at Object.getElementError (node_modules/@testing-library/dom/dist/config.js:38:19)
      at getElementError (node_modules/@testing-library/dom/dist/query-helpers.js:25:35)
      at getMultipleElementsFoundError (node_modules/@testing-library/dom/dist/query-helpers.js:29:10)
      at node_modules/@testing-library/dom/dist/query-helpers.js:66:13
      at getByRole (node_modules/@testing-library/dom/dist/query-helpers.js:111:19)
      at Object.<anonymous> (src/HtmlCss.test.tsx:9:31)

FAIL src/form-components/GiveAttempts.test.tsx
  ● GiveAttempts Component tests › You can use attempts

    TestingLibraryElementError: Found multiple elements with the text: /0/i

    Here are the matching elements:

    Ignored nodes: comments, <script />, <style />
    [36m<h4>[39m
      [0mNumber of attempts left: [0m
      [0m0[0m
    [36m</h4>[39m

    Ignored nodes: comments, <script />, <style />
    [36m<h4>[39m
      [0mNumber of attempts requested: [0m
      [0m0[0m
    [36m</h4>[39m

    (If this is intentional, then use the `*AllBy*` variant of the query (like `queryAllByText`, `getAllByText`, or `findAllByText`)).

    Ignored nodes: comments, <script />, <style />
    [36m<body>[39m
      [36m<div>[39m
        [36m<div>[39m
          [36m<h3>[39m
            [0mGive Attempts[0m
          [36m</h3>[39m
          [36m<h4>[39m
            [0mNumber of attempts left: [0m
            [0m0[0m
          [36m</h4>[39m
          [36m<h4>[39m
            [0mNumber of attempts requested: [0m
            [0m0[0m
          [36m</h4>[39m
          [36m<div>[39m
            [36m<label[39m
              [33mclass[39m=[32m"form-label"[39m
              [33mfor[39m=[32m"formRequestAttempts"[39m
            [36m>[39m
              [0mRequest Attempts:[0m
            [36m</label>[39m
            [36m<input[39m
              [33mclass[39m=[32m"form-control"[39m
              [33mid[39m=[32m"formRequestAttempts"[39m
              [33mtype[39m=[32m"number"[39m
              [33mvalue[39m=[32m"0"[39m
            [36m/>[39m
          [36m</div>[39m
          [36m<button[39m
            [33mclass[39m=[32m"btn btn-primary"[39m
            [33mtype[39m=[32m"button"[39m
          [36m>[39m
            [0muse[0m
          [36m</button>[39m
          [36m<button[39m
            [33mclass[39m=[32m"btn btn-primary"[39m
            [33mdisabled[39m=[32m""[39m
            [33mtype[39m=[32m"button"[39m
          [36m>[39m
            [0mgain[0m
          [36m</button>[39m
        [36m</div>[39m
      [36m</div>[39m
    [36m</body>[39m

      24 |         use.click();
      25 |         use.click();
    > 26 |         expect(screen.getByText(/0/i)).toBeInTheDocument();
         |                       ^
      27 |         expect(use).toBeDisabled();
      28 |     });
      29 |     test("You can gain arbitrary attempts", () => {

      at Object.getElementError (node_modules/@testing-library/dom/dist/config.js:38:19)
      at getElementError (node_modules/@testing-library/dom/dist/query-helpers.js:25:35)
      at getMultipleElementsFoundError (node_modules/@testing-library/dom/dist/query-helpers.js:29:10)
      at node_modules/@testing-library/dom/dist/query-helpers.js:66:13
      at getByText (node_modules/@testing-library/dom/dist/query-helpers.js:111:19)
      at Object.<anonymous> (src/form-components/GiveAttempts.test.tsx:26:23)

FAIL src/form-components/ChangeColor.test.tsx
  ● ChangeColor Component tests › Switching the color switches the displayed color.

    expect(element).toHaveStyle()

    - Expected

    - backgroundColor: red;

      16 |         let coloredBox = screen.getByTestId("colored-box");
      17 |         expect(coloredBox).toHaveTextContent(radios[0].value);
    > 18 |         expect(coloredBox).toHaveStyle({ backgroundColor: radios[0].value });
         |                            ^
      19 |         // Switch to third
      20 |         radios[2].click();
      21 |         coloredBox = screen.getByTestId("colored-box");

      at Object.<anonymous> (src/form-components/ChangeColor.test.tsx:18:28)

FAIL src/bad-components/ColoredBox.test.tsx
  ● ColoredBox Component tests › Clicking the button advances the color.

    expect(element).toHaveStyle()

    - Expected

    - backgroundColor: green;

      21 |         });
      22 |         nextColor.click();
    > 23 |         expect(screen.getByTestId("colored-box")).toHaveStyle({
         |                                                   ^
      24 |             backgroundColor: "green"
      25 |         });
      26 |         nextColor.click();

      at Object.<anonymous> (src/bad-components/ColoredBox.test.tsx:23:51)

FAIL src/bad-components/ShoveBox.test.tsx
  ● ShoveBox Component tests › Clicking the button moves the box.

    expect(element).toHaveStyle()

    - Expected

    - marginLeft: 18px;

      21 |         });
      22 |         shoveBox.click();
    > 23 |         expect(screen.getByTestId("moveable-box")).toHaveStyle({
         |                                                    ^
      24 |             marginLeft: "18px"
      25 |         });
      26 |         shoveBox.click();

      at Object.<anonymous> (src/bad-components/ShoveBox.test.tsx:23:52)


Test Suites: 7 failed, 15 passed, 22 total
Tests:       7 failed, 135 passed, 142 total
Snapshots:   0 total
Time:        8.362 s
Ran all test suites.
